// Jest Snapshot v1, https://goo.gl/fbAQLP

exports[`Render CreateAccount Renders without crashing 1`] = `
<View
  style={
    Object {
      "alignItems": "center",
      "backgroundColor": "#555555",
      "height": "100%",
      "justifyContent": "center",
    }
  }
  testID="test-mainContainer"
>
  <View>
    <Text
      style={
        Object {
          "color": "white",
        }
      }
      testID="test-title"
    >
      CREATE ACCOUNT
    </Text>
  </View>
  <View
    style={
      Object {
        "marginVertical": 20,
        "width": "90%",
      }
    }
    testID="test-formsContainer"
  >
    <View
      accessible={true}
      focusable={false}
      isTVSelectable={true}
      onClick={[Function]}
      onResponderGrant={[Function]}
      onResponderMove={[Function]}
      onResponderRelease={[Function]}
      onResponderTerminate={[Function]}
      onResponderTerminationRequest={[Function]}
      onStartShouldSetResponder={[Function]}
      style={
        Object {
          "alignItems": "center",
          "backgroundColor": "#888888",
          "borderBottomWidth": 1,
          "borderColor": "#D9D5DC",
          "borderLeftWidth": 1,
          "borderRadius": 30,
          "borderRightWidth": 1,
          "borderTopWidth": 1,
          "borderWidth": 1,
          "color": "white",
          "flexDirection": "row",
          "margin": 10,
          "marginLeft": 2,
          "opacity": 1,
          "width": "100%",
        }
      }
      testID="test-formItem"
    >
      <Text />
      <TextInput
        allowFontScaling={true}
        autoCapitalize="none"
        editable={true}
        keyboardType="default"
        onChangeText={[Function]}
        placeholder="Name"
        placeholderTextColor="#bdc3c7"
        rejectResponderTermination={true}
        style={
          Object {
            "color": "#000",
            "flex": 1,
            "fontSize": 17,
            "height": 50,
            "paddingLeft": 8,
            "paddingRight": 5,
            "top": 1.5,
          }
        }
        testID="test-formInput"
        underlineColorAndroid="rgba(0,0,0,0)"
      />
    </View>
    <View
      accessible={true}
      focusable={false}
      isTVSelectable={true}
      onClick={[Function]}
      onResponderGrant={[Function]}
      onResponderMove={[Function]}
      onResponderRelease={[Function]}
      onResponderTerminate={[Function]}
      onResponderTerminationRequest={[Function]}
      onStartShouldSetResponder={[Function]}
      style={
        Object {
          "alignItems": "center",
          "backgroundColor": "#888888",
          "borderBottomWidth": 1,
          "borderColor": "#D9D5DC",
          "borderLeftWidth": 1,
          "borderRadius": 30,
          "borderRightWidth": 1,
          "borderTopWidth": 1,
          "borderWidth": 1,
          "color": "white",
          "flexDirection": "row",
          "margin": 10,
          "marginLeft": 2,
          "opacity": 1,
          "width": "100%",
        }
      }
      testID="test-formItem"
    >
      <Text />
      <TextInput
        allowFontScaling={true}
        autoCapitalize="none"
        editable={true}
        keyboardType="default"
        onChangeText={[Function]}
        placeholder="Email"
        placeholderTextColor="#bdc3c7"
        rejectResponderTermination={true}
        style={
          Object {
            "color": "#000",
            "flex": 1,
            "fontSize": 17,
            "height": 50,
            "paddingLeft": 8,
            "paddingRight": 5,
            "top": 1.5,
          }
        }
        testID="test-formInput"
        underlineColorAndroid="rgba(0,0,0,0)"
      />
    </View>
    <View
      accessible={true}
      focusable={false}
      isTVSelectable={true}
      onClick={[Function]}
      onResponderGrant={[Function]}
      onResponderMove={[Function]}
      onResponderRelease={[Function]}
      onResponderTerminate={[Function]}
      onResponderTerminationRequest={[Function]}
      onStartShouldSetResponder={[Function]}
      style={
        Object {
          "alignItems": "center",
          "backgroundColor": "#888888",
          "borderBottomWidth": 1,
          "borderColor": "#D9D5DC",
          "borderLeftWidth": 1,
          "borderRadius": 30,
          "borderRightWidth": 1,
          "borderTopWidth": 1,
          "borderWidth": 1,
          "color": "white",
          "flexDirection": "row",
          "margin": 10,
          "marginLeft": 2,
          "opacity": 1,
          "width": "100%",
        }
      }
      testID="test-formItem"
    >
      <Text />
      <TextInput
        allowFontScaling={true}
        autoCapitalize="none"
        editable={true}
        keyboardType="default"
        onChangeText={[Function]}
        placeholder="Password"
        placeholderTextColor="#bdc3c7"
        rejectResponderTermination={true}
        style={
          Object {
            "color": "#000",
            "flex": 1,
            "fontSize": 17,
            "height": 50,
            "paddingLeft": 8,
            "paddingRight": 5,
            "top": 1.5,
          }
        }
        testID="test-formInput"
        underlineColorAndroid="rgba(0,0,0,0)"
      />
    </View>
    <View
      accessible={true}
      focusable={false}
      isTVSelectable={true}
      onClick={[Function]}
      onResponderGrant={[Function]}
      onResponderMove={[Function]}
      onResponderRelease={[Function]}
      onResponderTerminate={[Function]}
      onResponderTerminationRequest={[Function]}
      onStartShouldSetResponder={[Function]}
      style={
        Object {
          "alignItems": "center",
          "backgroundColor": "#888888",
          "borderBottomWidth": 1,
          "borderColor": "#D9D5DC",
          "borderLeftWidth": 1,
          "borderRadius": 30,
          "borderRightWidth": 1,
          "borderTopWidth": 1,
          "borderWidth": 1,
          "color": "white",
          "flexDirection": "row",
          "margin": 10,
          "marginLeft": 2,
          "opacity": 1,
          "width": "100%",
        }
      }
      testID="test-formItem"
    >
      <Text />
      <TextInput
        allowFontScaling={true}
        autoCapitalize="none"
        editable={true}
        keyboardType="default"
        onChangeText={[Function]}
        placeholder="Repeat Password"
        placeholderTextColor="#bdc3c7"
        rejectResponderTermination={true}
        style={
          Object {
            "color": "#000",
            "flex": 1,
            "fontSize": 17,
            "height": 50,
            "paddingLeft": 8,
            "paddingRight": 5,
            "top": 1.5,
          }
        }
        testID="test-formInput"
        underlineColorAndroid="rgba(0,0,0,0)"
      />
    </View>
  </View>
  <View
    style={
      Object {
        "marginBottom": 40,
        "width": "90%",
      }
    }
    testID="test-buttonContainer"
  >
    <View
      accessible={true}
      focusable={true}
      isTVSelectable={true}
      onClick={[Function]}
      onResponderGrant={[Function]}
      onResponderMove={[Function]}
      onResponderRelease={[Function]}
      onResponderTerminate={[Function]}
      onResponderTerminationRequest={[Function]}
      onStartShouldSetResponder={[Function]}
      style={
        Object {
          "alignItems": "center",
          "backgroundColor": "#555555",
          "borderBottomWidth": null,
          "borderColor": "white",
          "borderLeftWidth": null,
          "borderRadius": 57,
          "borderRightWidth": null,
          "borderTopWidth": null,
          "borderWidth": 1,
          "elevation": 2,
          "flexDirection": "row",
          "height": 45,
          "justifyContent": "center",
          "opacity": 1,
          "paddingBottom": 6,
          "paddingTop": 6,
          "shadowColor": undefined,
          "shadowOffset": undefined,
          "shadowOpacity": undefined,
          "shadowRadius": undefined,
        }
      }
      testID="test-button"
    >
      <Text
        style={
          Object {
            "backgroundColor": "transparent",
            "color": "#fff",
            "fontFamily": "System",
            "fontSize": 16.5,
            "marginLeft": 0,
            "marginRight": 0,
            "paddingLeft": 16,
            "paddingRight": 16,
          }
        }
        testID="test-buttonText"
        uppercase={false}
      >
        Continue
      </Text>
    </View>
  </View>
  <View
    style={
      Object {
        "alignItems": "flex-start",
        "justifyContent": "flex-start",
        "marginLeft": 50,
        "width": "100%",
      }
    }
    testID="test-footerContainer"
  >
    <View
      accessible={true}
      focusable={true}
      isTVSelectable={true}
      onClick={[Function]}
      onResponderGrant={[Function]}
      onResponderMove={[Function]}
      onResponderRelease={[Function]}
      onResponderTerminate={[Function]}
      onResponderTerminationRequest={[Function]}
      onStartShouldSetResponder={[Function]}
      style={
        Object {
          "opacity": 1,
        }
      }
    >
      <Text
        style={
          Object {
            "color": "white",
          }
        }
        testID="test-footerMenu"
      >
        &lt; Sign In
      </Text>
    </View>
  </View>
</View>
`;
